// Vitest Snapshot v1, https://vitest.dev/guide/snapshot.html

exports[`App Component > renders magnificent monkeys 1`] = `
<div>
  <button
    type="button"
  >
    Change Text
  </button>
  <h1>
    Magnificent Monkeys!
  </h1>
</div>
`;
